<html>
<body>
<pre>
<h1>µVision Build Log</h1>
<h2>Tool Versions:</h2>
IDE-Version: µVision V5.29.0.0
Copyright (C) 2019 ARM Ltd and ARM Germany GmbH. All rights reserved.
License Information: Ho Computer, Hoang, LIC=14HV2-9RMDZ-TGK7T-RA4GZ-GD9AB-MXKE5
 
Tool Versions:
Toolchain:       MDK-ARM Plus  Version: 5.29.0.0
Toolchain Path:  C:\Keil_v5\ARM\ARMCC\Bin
C Compiler:      Armcc.exe V5.06 update 6 (build 750)
Assembler:       Armasm.exe V5.06 update 6 (build 750)
Linker/Locator:  ArmLink.exe V5.06 update 6 (build 750)
Library Manager: ArmAr.exe V5.06 update 6 (build 750)
Hex Converter:   FromElf.exe V5.06 update 6 (build 750)
CPU DLL:         SARMCM3.DLL V5.29.0.0
Dialog DLL:      DCM.DLL V1.17.3.0
Target DLL:      STLink\ST-LINKIII-KEIL_SWO.dll V3.0.7.0
Dialog DLL:      TCM.DLL V1.36.5.0
 
<h2>Project:</h2>
C:\Users\Computer\Downloads\BTL_TKHTN\MDK-ARM\BTL.uvprojx
Project File Date:  12/17/2023

<h2>Output:</h2>
*** Using Compiler 'V5.06 update 6 (build 750)', folder: 'C:\Keil_v5\ARM\ARMCC\Bin'
Build target 'Target 1'
compiling main.c...
LCD.h(62): warning:  #1295-D: Deprecated declaration HD44780_Clear - give arg types
  void HD44780_Clear();
LCD.h(63): warning:  #1295-D: Deprecated declaration HD44780_Home - give arg types
  void HD44780_Home();
LCD.h(64): warning:  #1295-D: Deprecated declaration HD44780_NoDisplay - give arg types
  void HD44780_NoDisplay();
LCD.h(65): warning:  #1295-D: Deprecated declaration HD44780_Display - give arg types
  void HD44780_Display();
LCD.h(66): warning:  #1295-D: Deprecated declaration HD44780_NoBlink - give arg types
  void HD44780_NoBlink();
LCD.h(67): warning:  #1295-D: Deprecated declaration HD44780_Blink - give arg types
  void HD44780_Blink();
LCD.h(68): warning:  #1295-D: Deprecated declaration HD44780_NoCursor - give arg types
  void HD44780_NoCursor();
LCD.h(69): warning:  #1295-D: Deprecated declaration HD44780_Cursor - give arg types
  void HD44780_Cursor();
LCD.h(70): warning:  #1295-D: Deprecated declaration HD44780_ScrollDisplayLeft - give arg types
  void HD44780_ScrollDisplayLeft();
LCD.h(71): warning:  #1295-D: Deprecated declaration HD44780_ScrollDisplayRight - give arg types
  void HD44780_ScrollDisplayRight();
LCD.h(72): warning:  #1295-D: Deprecated declaration HD44780_PrintLeft - give arg types
  void HD44780_PrintLeft();
LCD.h(73): warning:  #1295-D: Deprecated declaration HD44780_PrintRight - give arg types
  void HD44780_PrintRight();
LCD.h(74): warning:  #1295-D: Deprecated declaration HD44780_LeftToRight - give arg types
  void HD44780_LeftToRight();
LCD.h(75): warning:  #1295-D: Deprecated declaration HD44780_RightToLeft - give arg types
  void HD44780_RightToLeft();
LCD.h(76): warning:  #1295-D: Deprecated declaration HD44780_ShiftIncrement - give arg types
  void HD44780_ShiftIncrement();
LCD.h(77): warning:  #1295-D: Deprecated declaration HD44780_ShiftDecrement - give arg types
  void HD44780_ShiftDecrement();
LCD.h(78): warning:  #1295-D: Deprecated declaration HD44780_NoBacklight - give arg types
  void HD44780_NoBacklight();
LCD.h(79): warning:  #1295-D: Deprecated declaration HD44780_Backlight - give arg types
  void HD44780_Backlight();
LCD.h(80): warning:  #1295-D: Deprecated declaration HD44780_AutoScroll - give arg types
  void HD44780_AutoScroll();
LCD.h(81): warning:  #1295-D: Deprecated declaration HD44780_NoAutoScroll - give arg types
  void HD44780_NoAutoScroll();
LCD.h(89): warning:  #1295-D: Deprecated declaration I2C_LCD_Configuration - give arg types
  void I2C_LCD_Configuration ();
Timer.h(4): warning:  #1295-D: Deprecated declaration TIMER_Configuration - give arg types
  void TIMER_Configuration();
main.c: 22 warnings, 0 errors
linking...
Program Size: Code=7132 RO-data=360 RW-data=56 ZI-data=1736  
FromELF: creating hex file...
".\Objects\BTL.axf" - 0 Error(s), 22 Warning(s).

<h2>Software Packages used:</h2>

Package Vendor: ARM
                http://www.keil.com/pack/ARM.CMSIS.5.9.0.pack
                ARM.CMSIS.5.9.0
                CMSIS (Common Microcontroller Software Interface Standard)
   * Component: CORE Version: 5.6.0

Package Vendor: Keil
                https://www.keil.com/pack/Keil.STM32F1xx_DFP.2.4.1.pack
                Keil.STM32F1xx_DFP.2.4.1
                STMicroelectronics STM32F1 Series Device Support, Drivers and Examples

<h2>Collection of Component include folders:</h2>
  .\RTE\_Target_1
  C:\Users\Computer\AppData\Local\Arm\Packs\ARM\CMSIS\5.9.0\CMSIS\Core\Include
  C:\Users\Computer\AppData\Local\Arm\Packs\Keil\STM32F1xx_DFP\2.4.1\Device\Include

<h2>Collection of Component Files used:</h2>

   * Component: ARM::CMSIS:CORE:5.6.0
Build Time Elapsed:  00:00:01
</pre>
</body>
</html>
